---
source: src/tui/app.rs
expression: snap
---
pitboss  run 20260430T120000Z  branch pitboss/run-20260430T120000Z                                                      
phase 02 — Domain types   [implementer]                                                                                 
agent claude-code  model claude-opus-4-7                                                                                
────────────────────────────────────────────────────────────────────────────────────────────────────────────────────────
┌ phases (1/3) ────────────────────────────────┐┌ agent output ────────────────────────────────────────────────────────┐
│+ 01 Project foundation  (1x)                 ││Reading plan.md                                                       │
│> 02 Domain types  (1x)                       ││Editing src/lib.rs                                                    │
│· 03 Plan parser                              ││[tests passed] 12 passed                                              │
│                                              ││[commit] phase 01: abc1234                                            │
│                                              ││Defining PhaseId                                                      │
│                                              ││                                                                      │
│                                              ││                                                                      │
│                                              ││                                                                      │
│                                              ││                                                                      │
│                                              ││                                                                      │
│                                              ││                                                                      │
│                                              ││                                                                      │
│                                              ││                                                                      │
└──────────────────────────────────────────────┘│                                                                      │
┌ session ─────────────────────────────────────┐│                                                                      │
│ elapsed   2m 14s                             ││                                                                      │
│ cost      $0.95                              ││                                                                      │
│ tokens    45.2k / 8.1k                       ││                                                                      │
│ dispatch  2                                  ││                                                                      │
│ by role                                      ││                                                                      │
│ impl 32.0k/5.2k $0.87                        ││                                                                      │
│ fix  8.0k/1.9k $0.05                         ││                                                                      │
│ aud  5.2k/1.0k $0.03                         ││                                                                      │
└──────────────────────────────────────────────┘└──────────────────────────────────────────────────────────────────────┘
q quit   p pause   a abort
